a1,b1,c1   (tuple 0 from page 0)
a2,b2,c2   (tuple 1 from page 0)
a3,b3,c3   (tuple 2 from page 0)
a4,b4,c4   (tuple 3 from page 0)
a5,b5,c5   (tuple 4 from page 0)
a6,b6,c6   (tuple 0 from page 4)
a7,b7,c7   (tuple 1 from page 4)
a8,b8,c8   (tuple 2 from page 4)
a9,b9,c9   (tuple 3 from page 4)
a10,b10,c10   (tuple 4 from page 4)
a11,b11,c11   (tuple 5 from page 4)
a12,b12,c12   (tuple 6 from page 4)
a13,b13,c13   (tuple 7 from page 4)
a14,b14,c14   (tuple 8 from page 4)
a15,b15,c15   (tuple 9 from page 4)
a16,b16,c16   (tuple 10 from page 4)
a17,b17,c17   (tuple 0 from page 5)
a18,b18,c18   (tuple 1 from page 5)
a19,b19,c19   (tuple 2 from page 5)
a20,b20,c20   (tuple 3 from page 5)
a21,b21,c21   (tuple 4 from page 5)
a22,b22,c22   (tuple 5 from page 5)
a23,b23,c23   (tuple 6 from page 5)
a24,b24,c24   (tuple 7 from page 5)
a25,b25,c25   (tuple 8 from page 5)
a26,b26,c26   (tuple 9 from page 5)
a27,b27,c27   (tuple 0 from page 9)
a28,b28,c28   (tuple 1 from page 9)
a29,b29,c29   (tuple 2 from page 9)
a30,b30,c30   (tuple 3 from page 9)
a31,b31,c31   (tuple 4 from page 9)
a32,b32,c32   (tuple 5 from page 9)
a33,b33,c33   (tuple 6 from page 9)
a34,b34,c34   (tuple 0 from page 10)
a35,b35,c35   (tuple 1 from page 10)
a36,b36,c36   (tuple 2 from page 10)
a37,b37,c37   (tuple 3 from page 10)
a38,b38,c38   (tuple 4 from page 10)
a39,b39,c39   (tuple 5 from page 10)
a40,b40,c40   (tuple 6 from page 10)
a41,b41,c41   (tuple 7 from page 10)
a42,b42,c42   (tuple 8 from page 10)
a43,b43,c43   (tuple 9 from page 10)
a44,b44,c44   (tuple 10 from page 10)
a45,b45,c45   (tuple 11 from page 10)
a46,b46,c46   (tuple 12 from page 10)
a47,b47,c47   (tuple 0 from page 13)
a48,b48,c48   (tuple 1 from page 13)
a49,b49,c49   (tuple 2 from page 13)
a50,b50,c50   (tuple 3 from page 13)
